// Jest Snapshot v1, https://goo.gl/fbAQLP

exports[`renders correctly 1`] = `
<nav
  className="css-5tspew-Nav"
>
  <button
    className="css-1ijr7ps-Item"
  >
    🐽
  </button>
  <button
    className="css-1ijr7ps-Item"
  >
    👨‍🌾
  </button>
  <button
    className="css-1ijr7ps-Item"
  >
    🐝
  </button>
</nav>
`;
